::1 - - [11/Jun/2026 17:31:03] code 404, message File not found
::1 - - [11/Jun/2026 17:31:03] "GET /apple-touch-icon.png HTTP/1.1" 404 -
::1 - - [11/Jun/2026 17:31:03] code 404, message File not found
::1 - - [11/Jun/2026 17:31:03] code 404, message File not found
::1 - - [11/Jun/2026 17:31:03] "GET /apple-touch-icon-precomposed.png HTTP/1.1" 404 -
::1 - - [11/Jun/2026 17:31:03] "GET /favicon.ico HTTP/1.1" 404 -
::1 - - [11/Jun/2026 17:31:05] "GET / HTTP/1.1" 200 -
::1 - - [11/Jun/2026 17:31:05] "GET /site.webmanifest HTTP/1.1" 200 -
::1 - - [11/Jun/2026 17:31:05] "GET /js/scripts.js HTTP/1.1" 200 -
::1 - - [11/Jun/2026 17:31:05] "GET /js/typing.js HTTP/1.1" 200 -
::1 - - [11/Jun/2026 17:31:05] "GET /js/carousel.js HTTP/1.1" 200 -
::1 - - [11/Jun/2026 17:31:05] "GET /css/styles.css?v=1.4 HTTP/1.1" 200 -
::1 - - [11/Jun/2026 17:31:05] "GET /js/timeline-animations.js HTTP/1.1" 200 -
::1 - - [11/Jun/2026 17:31:07] code 404, message File not found
::1 - - [11/Jun/2026 17:31:07] "GET /apple-touch-icon-precomposed.png HTTP/1.1" 404 -
::1 - - [11/Jun/2026 17:31:07] code 404, message File not found
::1 - - [11/Jun/2026 17:31:07] code 404, message File not found
::1 - - [11/Jun/2026 17:31:07] "GET /apple-touch-icon.png HTTP/1.1" 404 -
::1 - - [11/Jun/2026 17:31:07] "GET /favicon.ico HTTP/1.1" 404 -
::1 - - [11/Jun/2026 17:31:07] code 404, message File not found
::1 - - [11/Jun/2026 17:31:07] "GET /favicon.ico HTTP/1.1" 404 -
::1 - - [11/Jun/2026 17:31:07] code 404, message File not found
::1 - - [11/Jun/2026 17:31:07] "GET /favicon-16x16.png HTTP/1.1" 404 -
::1 - - [11/Jun/2026 17:31:07] code 404, message File not found
::1 - - [11/Jun/2026 17:31:07] "GET /favicon-32x32.png HTTP/1.1" 404 -
::1 - - [11/Jun/2026 17:31:07] "GET /images/gummes-website-1.png HTTP/1.1" 200 -
::1 - - [11/Jun/2026 17:31:07] code 404, message File not found
::1 - - [11/Jun/2026 17:31:07] "GET /apple-touch-icon.png HTTP/1.1" 404 -
::1 - - [11/Jun/2026 17:31:07] "GET /images/consultancy-project.png HTTP/1.1" 200 -
::1 - - [11/Jun/2026 17:31:07] "GET /images/healthcare-equipment.png HTTP/1.1" 200 -
::1 - - [11/Jun/2026 17:31:07] "GET /images/ayurvedic-diet-plan.png HTTP/1.1" 200 -
::1 - - [11/Jun/2026 17:31:07] "GET /images/3d-jewelry-store.png HTTP/1.1" 200 -
::1 - - [11/Jun/2026 17:31:07] "GET /images/industrial-factory.png HTTP/1.1" 200 -
::1 - - [11/Jun/2026 17:31:07] "GET /images/curiouscrm.png HTTP/1.1" 200 -
::1 - - [11/Jun/2026 17:31:07] "GET /images/toilet-finder.png HTTP/1.1" 200 -
::1 - - [11/Jun/2026 17:31:07] "GET /images/browser-buddy.jpg HTTP/1.1" 200 -
::1 - - [11/Jun/2026 17:31:07] "GET /images/travel-booking.png HTTP/1.1" 200 -
::1 - - [11/Jun/2026 17:31:07] "GET /images/group-buying-real-estate.png HTTP/1.1" 200 -
::1 - - [11/Jun/2026 17:31:08] "GET /images/liquidity-intelligence.png HTTP/1.1" 200 -
::1 - - [11/Jun/2026 17:31:08] "GET /images/notary-platform.png HTTP/1.1" 200 -
::1 - - [11/Jun/2026 17:31:09] "GET /images/srbhealthcare.png HTTP/1.1" 200 -
::1 - - [11/Jun/2026 17:31:09] "GET /images/icing-on-the-neck.png HTTP/1.1" 200 -
::1 - - [11/Jun/2026 17:31:18] "GET /images/ayurdiet.jpg HTTP/1.1" 200 -
::1 - - [11/Jun/2026 17:31:18] "GET /images/watfix.png HTTP/1.1" 200 -
::1 - - [11/Jun/2026 17:31:27] "GET /images/toilet-finder.jpg HTTP/1.1" 200 -
::1 - - [11/Jun/2026 17:31:28] "GET /images/arpanholidays.png HTTP/1.1" 200 -
::1 - - [11/Jun/2026 17:31:29] "GET /images/bigpockets.png HTTP/1.1" 200 -
::1 - - [11/Jun/2026 17:36:12] code 404, message File not found
::1 - - [11/Jun/2026 17:36:12] code 404, message File not found
::1 - - [11/Jun/2026 17:36:12] code 404, message File not found
::1 - - [11/Jun/2026 17:36:12] "GET /apple-touch-icon-precomposed.png HTTP/1.1" 404 -
::1 - - [11/Jun/2026 17:36:12] "GET /images/liquidity-intelligence.png HTTP/1.1" 200 -
::1 - - [11/Jun/2026 17:36:12] "GET /images/notary-platform.png HTTP/1.1" 200 -
::1 - - [11/Jun/2026 17:36:12] "GET /images/srbhealthcare.png HTTP/1.1" 200 -
::1 - - [11/Jun/2026 17:36:12] "GET /favicon.ico HTTP/1.1" 404 -
::1 - - [11/Jun/2026 17:36:12] "GET /apple-touch-icon.png HTTP/1.1" 404 -
::1 - - [11/Jun/2026 17:36:12] code 404, message File not found
::1 - - [11/Jun/2026 17:36:12] code 404, message File not found
::1 - - [11/Jun/2026 17:36:12] code 404, message File not found
::1 - - [11/Jun/2026 17:36:12] code 404, message File not found
::1 - - [11/Jun/2026 17:36:12] "GET /favicon.ico HTTP/1.1" 404 -
::1 - - [11/Jun/2026 17:36:12] "GET /favicon-16x16.png HTTP/1.1" 404 -
::1 - - [11/Jun/2026 17:36:12] "GET /favicon-32x32.png HTTP/1.1" 404 -
::1 - - [11/Jun/2026 17:36:12] "GET /apple-touch-icon.png HTTP/1.1" 404 -
::1 - - [11/Jun/2026 17:36:18] "GET / HTTP/1.1" 200 -
::1 - - [11/Jun/2026 17:36:19] "GET /site.webmanifest HTTP/1.1" 200 -
::1 - - [11/Jun/2026 17:36:20] "GET /css/styles.css?v=1.4 HTTP/1.1" 200 -
::1 - - [11/Jun/2026 17:36:20] "GET /js/scripts.js HTTP/1.1" 200 -
::1 - - [11/Jun/2026 17:36:20] "GET /js/carousel.js HTTP/1.1" 200 -
::1 - - [11/Jun/2026 17:36:20] "GET /js/typing.js HTTP/1.1" 200 -
::1 - - [11/Jun/2026 17:36:20] "GET /js/timeline-animations.js HTTP/1.1" 200 -
::1 - - [11/Jun/2026 17:36:21] "GET /images/gummes-website-1.png HTTP/1.1" 200 -
::1 - - [11/Jun/2026 17:36:21] "GET /images/consultancy-project.png HTTP/1.1" 200 -
::1 - - [11/Jun/2026 17:36:21] "GET /images/3d-jewelry-store.png HTTP/1.1" 200 -
::1 - - [11/Jun/2026 17:36:21] "GET /images/curiouscrm.png HTTP/1.1" 200 -
::1 - - [11/Jun/2026 17:36:21] "GET /images/industrial-factory.png HTTP/1.1" 200 -
::1 - - [11/Jun/2026 17:36:21] "GET /images/toilet-finder.png HTTP/1.1" 200 -
::1 - - [11/Jun/2026 17:36:21] "GET /images/group-buying-real-estate.png HTTP/1.1" 200 -
::1 - - [11/Jun/2026 17:36:21] "GET /images/browser-buddy.jpg HTTP/1.1" 200 -
::1 - - [11/Jun/2026 17:36:25] "GET /images/liquidity-intelligence.png HTTP/1.1" 200 -
::1 - - [11/Jun/2026 17:36:26] "GET /images/notary-platform.png HTTP/1.1" 200 -
::1 - - [11/Jun/2026 17:36:26] "GET /images/watfix.png HTTP/1.1" 200 -
::1 - - [11/Jun/2026 17:36:28] "GET /images/toilet-finder.jpg HTTP/1.1" 200 -
::1 - - [11/Jun/2026 17:36:29] "GET /images/bigpockets.png HTTP/1.1" 200 -
::1 - - [11/Jun/2026 17:38:00] code 404, message File not found
::1 - - [11/Jun/2026 17:38:00] code 404, message File not found
::1 - - [11/Jun/2026 17:38:00] "GET /apple-touch-icon-precomposed.png HTTP/1.1" 404 -
::1 - - [11/Jun/2026 17:38:00] "GET /apple-touch-icon.png HTTP/1.1" 404 -
::1 - - [11/Jun/2026 17:38:00] code 404, message File not found
::1 - - [11/Jun/2026 17:38:00] "GET /images/liquidity-intelligence.png HTTP/1.1" 200 -
::1 - - [11/Jun/2026 17:38:00] "GET /favicon.ico HTTP/1.1" 404 -
::1 - - [11/Jun/2026 17:38:00] "GET /images/notary-platform.png HTTP/1.1" 200 -
::1 - - [11/Jun/2026 17:38:00] "GET /images/watfix.png HTTP/1.1" 200 -
::1 - - [11/Jun/2026 17:38:00] code 404, message File not found
::1 - - [11/Jun/2026 17:38:00] "GET /favicon.ico HTTP/1.1" 404 -
::1 - - [11/Jun/2026 17:38:00] code 404, message File not found
::1 - - [11/Jun/2026 17:38:00] "GET /favicon-16x16.png HTTP/1.1" 404 -
::1 - - [11/Jun/2026 17:38:00] code 404, message File not found
::1 - - [11/Jun/2026 17:38:00] "GET /favicon-32x32.png HTTP/1.1" 404 -
::1 - - [11/Jun/2026 17:38:00] code 404, message File not found
::1 - - [11/Jun/2026 17:38:00] "GET /apple-touch-icon.png HTTP/1.1" 404 -
::1 - - [11/Jun/2026 17:38:07] "GET / HTTP/1.1" 200 -
::1 - - [11/Jun/2026 17:38:07] "GET /site.webmanifest HTTP/1.1" 200 -
::1 - - [11/Jun/2026 17:38:07] "GET /css/styles.css?v=1.4 HTTP/1.1" 200 -
::1 - - [11/Jun/2026 17:38:07] "GET /js/typing.js HTTP/1.1" 200 -
::1 - - [11/Jun/2026 17:38:07] "GET /js/carousel.js HTTP/1.1" 200 -
::1 - - [11/Jun/2026 17:38:07] "GET /js/scripts.js HTTP/1.1" 200 -
::1 - - [11/Jun/2026 17:38:07] "GET /js/timeline-animations.js HTTP/1.1" 200 -
::1 - - [11/Jun/2026 17:38:09] "GET /images/consultancy-project.png HTTP/1.1" 200 -
::1 - - [11/Jun/2026 17:38:09] "GET /images/gummes-website-1.png HTTP/1.1" 200 -
::1 - - [11/Jun/2026 17:38:09] "GET /images/3d-jewelry-store.png HTTP/1.1" 200 -
::1 - - [11/Jun/2026 17:38:09] "GET /images/industrial-factory.png HTTP/1.1" 200 -
::1 - - [11/Jun/2026 17:38:09] "GET /images/curiouscrm.png HTTP/1.1" 200 -
::1 - - [11/Jun/2026 17:38:09] "GET /images/toilet-finder.png HTTP/1.1" 200 -
::1 - - [11/Jun/2026 17:38:09] "GET /images/browser-buddy.jpg HTTP/1.1" 200 -
::1 - - [11/Jun/2026 17:38:09] "GET /images/group-buying-real-estate.png HTTP/1.1" 200 -
::1 - - [11/Jun/2026 17:38:17] "GET /images/notary-platform.png HTTP/1.1" 200 -
::1 - - [11/Jun/2026 17:38:17] "GET /images/liquidity-intelligence.png HTTP/1.1" 200 -
::1 - - [11/Jun/2026 17:38:18] "GET /images/watfix.png HTTP/1.1" 200 -
::1 - - [11/Jun/2026 17:38:21] "GET /images/toilet-finder.jpg HTTP/1.1" 200 -
::1 - - [11/Jun/2026 17:38:30] "GET /images/bigpockets.png HTTP/1.1" 200 -
::1 - - [11/Jun/2026 17:40:02] code 404, message File not found
::1 - - [11/Jun/2026 17:40:02] "GET /apple-touch-icon-precomposed.png HTTP/1.1" 404 -
::1 - - [11/Jun/2026 17:40:02] code 404, message File not found
::1 - - [11/Jun/2026 17:40:02] "GET /apple-touch-icon.png HTTP/1.1" 404 -
::1 - - [11/Jun/2026 17:40:02] code 404, message File not found
::1 - - [11/Jun/2026 17:40:02] "GET /favicon.ico HTTP/1.1" 404 -
::1 - - [11/Jun/2026 17:40:02] "GET /images/notary-platform.png HTTP/1.1" 200 -
::1 - - [11/Jun/2026 17:40:02] "GET /images/watfix.png HTTP/1.1" 200 -
::1 - - [11/Jun/2026 17:40:02] "GET /images/liquidity-intelligence.png HTTP/1.1" 200 -
::1 - - [11/Jun/2026 17:40:02] code 404, message File not found
::1 - - [11/Jun/2026 17:40:02] "GET /favicon.ico HTTP/1.1" 404 -
::1 - - [11/Jun/2026 17:40:02] code 404, message File not found
::1 - - [11/Jun/2026 17:40:02] code 404, message File not found
::1 - - [11/Jun/2026 17:40:02] code 404, message File not found
::1 - - [11/Jun/2026 17:40:02] "GET /favicon-16x16.png HTTP/1.1" 404 -
::1 - - [11/Jun/2026 17:40:02] "GET /apple-touch-icon.png HTTP/1.1" 404 -
::1 - - [11/Jun/2026 17:40:02] "GET /favicon-32x32.png HTTP/1.1" 404 -
::1 - - [11/Jun/2026 17:40:06] "GET / HTTP/1.1" 200 -
::1 - - [11/Jun/2026 17:40:06] "GET /site.webmanifest HTTP/1.1" 200 -
::1 - - [11/Jun/2026 17:40:06] "GET /css/styles.css?v=1.4 HTTP/1.1" 200 -
::1 - - [11/Jun/2026 17:40:06] "GET /js/scripts.js HTTP/1.1" 200 -
::1 - - [11/Jun/2026 17:40:06] "GET /js/carousel.js HTTP/1.1" 200 -
::1 - - [11/Jun/2026 17:40:06] "GET /js/typing.js HTTP/1.1" 200 -
::1 - - [11/Jun/2026 17:40:06] "GET /js/timeline-animations.js HTTP/1.1" 200 -
::1 - - [11/Jun/2026 17:40:07] "GET /images/gummes-website-1.png HTTP/1.1" 200 -
::1 - - [11/Jun/2026 17:40:07] "GET /images/consultancy-project.png HTTP/1.1" 200 -
::1 - - [11/Jun/2026 17:40:07] "GET /images/3d-jewelry-store.png HTTP/1.1" 200 -
::1 - - [11/Jun/2026 17:40:07] "GET /images/curiouscrm.png HTTP/1.1" 200 -
::1 - - [11/Jun/2026 17:40:07] "GET /images/toilet-finder.png HTTP/1.1" 200 -
::1 - - [11/Jun/2026 17:40:07] "GET /images/industrial-factory.png HTTP/1.1" 200 -
::1 - - [11/Jun/2026 17:40:07] "GET /images/browser-buddy.jpg HTTP/1.1" 200 -
::1 - - [11/Jun/2026 17:40:07] "GET /images/group-buying-real-estate.png HTTP/1.1" 200 -
::1 - - [11/Jun/2026 17:40:14] "GET /images/liquidity-intelligence.png HTTP/1.1" 200 -
::1 - - [11/Jun/2026 17:40:14] "GET /images/notary-platform.png HTTP/1.1" 200 -
::1 - - [11/Jun/2026 17:40:15] "GET /images/watfix.png HTTP/1.1" 200 -
::1 - - [11/Jun/2026 17:40:29] "GET /images/toilet-finder.jpg HTTP/1.1" 200 -
::1 - - [11/Jun/2026 17:40:33] "GET /images/bigpockets.png HTTP/1.1" 200 -
::1 - - [11/Jun/2026 17:42:57] code 404, message File not found
::1 - - [11/Jun/2026 17:42:57] "GET /apple-touch-icon-precomposed.png HTTP/1.1" 404 -
::1 - - [11/Jun/2026 17:42:57] code 404, message File not found
::1 - - [11/Jun/2026 17:42:57] "GET /apple-touch-icon.png HTTP/1.1" 404 -
::1 - - [11/Jun/2026 17:42:57] code 404, message File not found
::1 - - [11/Jun/2026 17:42:57] "GET /favicon.ico HTTP/1.1" 404 -
::1 - - [11/Jun/2026 17:42:57] "GET /images/liquidity-intelligence.png HTTP/1.1" 200 -
::1 - - [11/Jun/2026 17:42:57] "GET /images/notary-platform.png HTTP/1.1" 200 -
::1 - - [11/Jun/2026 17:42:57] "GET /images/watfix.png HTTP/1.1" 200 -
::1 - - [11/Jun/2026 17:42:57] code 404, message File not found
::1 - - [11/Jun/2026 17:42:57] "GET /favicon.ico HTTP/1.1" 404 -
::1 - - [11/Jun/2026 17:42:57] code 404, message File not found
::1 - - [11/Jun/2026 17:42:57] code 404, message File not found
::1 - - [11/Jun/2026 17:42:57] "GET /favicon-16x16.png HTTP/1.1" 404 -
::1 - - [11/Jun/2026 17:42:57] "GET /favicon-32x32.png HTTP/1.1" 404 -
::1 - - [11/Jun/2026 17:42:57] code 404, message File not found
::1 - - [11/Jun/2026 17:42:57] "GET /apple-touch-icon.png HTTP/1.1" 404 -
::1 - - [11/Jun/2026 17:43:01] "GET / HTTP/1.1" 200 -
::1 - - [11/Jun/2026 17:43:03] "GET /site.webmanifest HTTP/1.1" 200 -
::1 - - [11/Jun/2026 17:43:03] "GET /css/styles.css?v=1.4 HTTP/1.1" 200 -
::1 - - [11/Jun/2026 17:43:03] "GET /js/scripts.js HTTP/1.1" 200 -
::1 - - [11/Jun/2026 17:43:03] "GET /js/carousel.js HTTP/1.1" 200 -
::1 - - [11/Jun/2026 17:43:03] "GET /js/typing.js HTTP/1.1" 200 -
::1 - - [11/Jun/2026 17:43:03] "GET /js/timeline-animations.js HTTP/1.1" 200 -
::1 - - [11/Jun/2026 17:43:04] "GET /images/gummes-website-1.png HTTP/1.1" 200 -
::1 - - [11/Jun/2026 17:43:04] "GET /images/consultancy-project.png HTTP/1.1" 200 -
::1 - - [11/Jun/2026 17:43:04] "GET /images/3d-jewelry-store.png HTTP/1.1" 200 -
::1 - - [11/Jun/2026 17:43:04] "GET /images/industrial-factory.png HTTP/1.1" 200 -
::1 - - [11/Jun/2026 17:43:04] "GET /images/curiouscrm.png HTTP/1.1" 200 -
::1 - - [11/Jun/2026 17:43:04] "GET /images/toilet-finder.png HTTP/1.1" 200 -
::1 - - [11/Jun/2026 17:43:04] "GET /images/browser-buddy.jpg HTTP/1.1" 200 -
::1 - - [11/Jun/2026 17:43:04] "GET /images/group-buying-real-estate.png HTTP/1.1" 200 -
::1 - - [11/Jun/2026 17:43:06] "GET /images/liquidity-intelligence.png HTTP/1.1" 200 -
::1 - - [11/Jun/2026 17:43:06] "GET /images/notary-platform.png HTTP/1.1" 200 -
::1 - - [11/Jun/2026 17:43:06] "GET /images/watfix.png HTTP/1.1" 200 -
::1 - - [11/Jun/2026 17:43:14] "GET /images/toilet-finder.jpg HTTP/1.1" 200 -
::1 - - [11/Jun/2026 17:43:17] "GET /images/bigpockets.png HTTP/1.1" 200 -
::1 - - [11/Jun/2026 17:45:13] code 404, message File not found
::1 - - [11/Jun/2026 17:45:13] code 404, message File not found
::1 - - [11/Jun/2026 17:45:13] code 404, message File not found
::1 - - [11/Jun/2026 17:45:13] "GET /apple-touch-icon.png HTTP/1.1" 404 -
::1 - - [11/Jun/2026 17:45:13] "GET /favicon.ico HTTP/1.1" 404 -
::1 - - [11/Jun/2026 17:45:13] "GET /apple-touch-icon-precomposed.png HTTP/1.1" 404 -
::1 - - [11/Jun/2026 17:45:13] "GET /images/notary-platform.png HTTP/1.1" 200 -
::1 - - [11/Jun/2026 17:45:13] "GET /images/watfix.png HTTP/1.1" 200 -
::1 - - [11/Jun/2026 17:45:13] "GET /images/liquidity-intelligence.png HTTP/1.1" 200 -
::1 - - [11/Jun/2026 17:45:13] code 404, message File not found
::1 - - [11/Jun/2026 17:45:13] "GET /favicon.ico HTTP/1.1" 404 -
::1 - - [11/Jun/2026 17:45:13] code 404, message File not found
::1 - - [11/Jun/2026 17:45:13] "GET /favicon-16x16.png HTTP/1.1" 404 -
::1 - - [11/Jun/2026 17:45:13] code 404, message File not found
::1 - - [11/Jun/2026 17:45:13] "GET /favicon-32x32.png HTTP/1.1" 404 -
::1 - - [11/Jun/2026 17:45:13] code 404, message File not found
::1 - - [11/Jun/2026 17:45:13] "GET /apple-touch-icon.png HTTP/1.1" 404 -
::1 - - [11/Jun/2026 17:45:17] "GET / HTTP/1.1" 200 -
::1 - - [11/Jun/2026 17:45:17] "GET /site.webmanifest HTTP/1.1" 200 -
::1 - - [11/Jun/2026 17:45:17] "GET /css/styles.css?v=1.4 HTTP/1.1" 200 -
::1 - - [11/Jun/2026 17:45:17] "GET /js/scripts.js HTTP/1.1" 200 -
::1 - - [11/Jun/2026 17:45:17] "GET /js/carousel.js HTTP/1.1" 200 -
::1 - - [11/Jun/2026 17:45:17] "GET /js/typing.js HTTP/1.1" 200 -
::1 - - [11/Jun/2026 17:45:17] "GET /js/timeline-animations.js HTTP/1.1" 200 -
::1 - - [11/Jun/2026 17:45:18] "GET /images/gummes-website-1.png HTTP/1.1" 200 -
::1 - - [11/Jun/2026 17:45:18] "GET /images/industrial-factory.png HTTP/1.1" 200 -
::1 - - [11/Jun/2026 17:45:18] "GET /images/consultancy-project.png HTTP/1.1" 200 -
::1 - - [11/Jun/2026 17:45:18] "GET /images/3d-jewelry-store.png HTTP/1.1" 200 -
::1 - - [11/Jun/2026 17:45:18] "GET /images/curiouscrm.png HTTP/1.1" 200 -
::1 - - [11/Jun/2026 17:45:18] "GET /images/toilet-finder.png HTTP/1.1" 200 -
::1 - - [11/Jun/2026 17:45:18] "GET /images/browser-buddy.jpg HTTP/1.1" 200 -
::1 - - [11/Jun/2026 17:45:18] "GET /images/group-buying-real-estate.png HTTP/1.1" 200 -
::1 - - [11/Jun/2026 17:45:21] "GET /images/liquidity-intelligence.png HTTP/1.1" 200 -
::1 - - [11/Jun/2026 17:45:21] "GET /images/notary-platform.png HTTP/1.1" 200 -
::1 - - [11/Jun/2026 17:45:21] "GET /images/watfix.png HTTP/1.1" 200 -
::1 - - [11/Jun/2026 17:45:24] "GET /images/toilet-finder.jpg HTTP/1.1" 200 -
::1 - - [11/Jun/2026 17:45:25] "GET /images/bigpockets.png HTTP/1.1" 200 -
::1 - - [11/Jun/2026 17:48:34] code 404, message File not found
::1 - - [11/Jun/2026 17:48:34] "GET /apple-touch-icon-precomposed.png HTTP/1.1" 404 -
::1 - - [11/Jun/2026 17:48:34] code 404, message File not found
::1 - - [11/Jun/2026 17:48:34] code 404, message File not found
::1 - - [11/Jun/2026 17:48:34] "GET /apple-touch-icon.png HTTP/1.1" 404 -
::1 - - [11/Jun/2026 17:48:34] "GET /favicon.ico HTTP/1.1" 404 -
::1 - - [11/Jun/2026 17:48:34] "GET /images/notary-platform.png HTTP/1.1" 200 -
::1 - - [11/Jun/2026 17:48:34] "GET /images/liquidity-intelligence.png HTTP/1.1" 200 -
::1 - - [11/Jun/2026 17:48:34] "GET /images/watfix.png HTTP/1.1" 200 -
::1 - - [11/Jun/2026 17:48:34] code 404, message File not found
::1 - - [11/Jun/2026 17:48:34] "GET /favicon.ico HTTP/1.1" 404 -
::1 - - [11/Jun/2026 17:48:34] code 404, message File not found
::1 - - [11/Jun/2026 17:48:34] code 404, message File not found
::1 - - [11/Jun/2026 17:48:34] "GET /favicon-32x32.png HTTP/1.1" 404 -
::1 - - [11/Jun/2026 17:48:34] code 404, message File not found
::1 - - [11/Jun/2026 17:48:34] "GET /favicon-16x16.png HTTP/1.1" 404 -
::1 - - [11/Jun/2026 17:48:34] "GET /apple-touch-icon.png HTTP/1.1" 404 -
::1 - - [11/Jun/2026 17:48:38] "GET / HTTP/1.1" 200 -
::1 - - [11/Jun/2026 17:48:41] "GET /site.webmanifest HTTP/1.1" 200 -
::1 - - [11/Jun/2026 17:48:41] "GET /css/styles.css?v=1.4 HTTP/1.1" 200 -
::1 - - [11/Jun/2026 17:48:41] "GET /js/scripts.js HTTP/1.1" 200 -
::1 - - [11/Jun/2026 17:48:41] "GET /js/carousel.js HTTP/1.1" 200 -
::1 - - [11/Jun/2026 17:48:41] "GET /js/typing.js HTTP/1.1" 200 -
::1 - - [11/Jun/2026 17:48:41] "GET /js/timeline-animations.js HTTP/1.1" 200 -
::1 - - [11/Jun/2026 17:48:43] "GET /images/gummes-website-1.png HTTP/1.1" 200 -
::1 - - [11/Jun/2026 17:48:43] "GET /images/consultancy-project.png HTTP/1.1" 200 -
::1 - - [11/Jun/2026 17:48:43] "GET /images/3d-jewelry-store.png HTTP/1.1" 200 -
::1 - - [11/Jun/2026 17:48:43] "GET /images/industrial-factory.png HTTP/1.1" 200 -
::1 - - [11/Jun/2026 17:48:43] "GET /images/curiouscrm.png HTTP/1.1" 200 -
::1 - - [11/Jun/2026 17:48:43] "GET /images/toilet-finder.png HTTP/1.1" 200 -
::1 - - [11/Jun/2026 17:48:43] "GET /images/browser-buddy.jpg HTTP/1.1" 200 -
::1 - - [11/Jun/2026 17:48:43] "GET /images/group-buying-real-estate.png HTTP/1.1" 200 -
::1 - - [11/Jun/2026 17:49:07] "GET /images/liquidity-intelligence.png HTTP/1.1" 200 -
::1 - - [11/Jun/2026 17:49:07] "GET /images/notary-platform.png HTTP/1.1" 200 -
::1 - - [11/Jun/2026 17:49:07] "GET /images/watfix.png HTTP/1.1" 200 -
::1 - - [11/Jun/2026 17:49:08] "GET /images/toilet-finder.jpg HTTP/1.1" 200 -
::1 - - [11/Jun/2026 17:49:26] "GET /images/bigpockets.png HTTP/1.1" 200 -
::1 - - [11/Jun/2026 17:51:15] code 404, message File not found
::1 - - [11/Jun/2026 17:51:15] code 404, message File not found
::1 - - [11/Jun/2026 17:51:15] code 404, message File not found
::1 - - [11/Jun/2026 17:51:15] "GET /apple-touch-icon.png HTTP/1.1" 404 -
::1 - - [11/Jun/2026 17:51:15] "GET /favicon.ico HTTP/1.1" 404 -
::1 - - [11/Jun/2026 17:51:15] "GET /apple-touch-icon-precomposed.png HTTP/1.1" 404 -
::1 - - [11/Jun/2026 17:51:15] "GET /images/liquidity-intelligence.png HTTP/1.1" 200 -
::1 - - [11/Jun/2026 17:51:15] "GET /images/notary-platform.png HTTP/1.1" 200 -
::1 - - [11/Jun/2026 17:51:15] "GET /images/watfix.png HTTP/1.1" 200 -
::1 - - [11/Jun/2026 17:51:15] code 404, message File not found
::1 - - [11/Jun/2026 17:51:15] code 404, message File not found
::1 - - [11/Jun/2026 17:51:15] "GET /favicon-16x16.png HTTP/1.1" 404 -
::1 - - [11/Jun/2026 17:51:15] "GET /favicon.ico HTTP/1.1" 404 -
::1 - - [11/Jun/2026 17:51:15] code 404, message File not found
::1 - - [11/Jun/2026 17:51:15] "GET /favicon-32x32.png HTTP/1.1" 404 -
::1 - - [11/Jun/2026 17:51:15] code 404, message File not found
::1 - - [11/Jun/2026 17:51:15] "GET /apple-touch-icon.png HTTP/1.1" 404 -
::1 - - [11/Jun/2026 17:51:19] "GET / HTTP/1.1" 200 -
::1 - - [11/Jun/2026 17:51:19] "GET /site.webmanifest HTTP/1.1" 200 -
::1 - - [11/Jun/2026 17:51:19] "GET /css/styles.css?v=1.4 HTTP/1.1" 200 -
::1 - - [11/Jun/2026 17:51:19] "GET /js/scripts.js HTTP/1.1" 200 -
::1 - - [11/Jun/2026 17:51:19] "GET /js/carousel.js HTTP/1.1" 200 -
::1 - - [11/Jun/2026 17:51:19] "GET /js/typing.js HTTP/1.1" 200 -
::1 - - [11/Jun/2026 17:51:19] "GET /js/timeline-animations.js HTTP/1.1" 200 -
::1 - - [11/Jun/2026 17:51:20] "GET /images/gummes-website-1.png HTTP/1.1" 200 -
::1 - - [11/Jun/2026 17:51:20] "GET /images/industrial-factory.png HTTP/1.1" 200 -
::1 - - [11/Jun/2026 17:51:20] "GET /images/3d-jewelry-store.png HTTP/1.1" 200 -
::1 - - [11/Jun/2026 17:51:20] "GET /images/consultancy-project.png HTTP/1.1" 200 -
::1 - - [11/Jun/2026 17:51:20] "GET /images/toilet-finder.png HTTP/1.1" 200 -
::1 - - [11/Jun/2026 17:51:20] "GET /images/curiouscrm.png HTTP/1.1" 200 -
::1 - - [11/Jun/2026 17:51:20] "GET /images/browser-buddy.jpg HTTP/1.1" 200 -
::1 - - [11/Jun/2026 17:51:20] "GET /images/group-buying-real-estate.png HTTP/1.1" 200 -
::1 - - [11/Jun/2026 17:51:23] "GET /images/liquidity-intelligence.png HTTP/1.1" 200 -
::1 - - [11/Jun/2026 17:51:23] "GET /images/notary-platform.png HTTP/1.1" 200 -
::1 - - [11/Jun/2026 17:51:23] "GET /images/watfix.png HTTP/1.1" 200 -
::1 - - [11/Jun/2026 17:51:35] "GET /images/toilet-finder.jpg HTTP/1.1" 200 -
::1 - - [11/Jun/2026 17:51:36] "GET /images/bigpockets.png HTTP/1.1" 200 -
::1 - - [11/Jun/2026 17:52:06] code 404, message File not found
::1 - - [11/Jun/2026 17:52:06] code 404, message File not found
::1 - - [11/Jun/2026 17:52:06] "GET /apple-touch-icon-precomposed.png HTTP/1.1" 404 -
::1 - - [11/Jun/2026 17:52:06] "GET /apple-touch-icon.png HTTP/1.1" 404 -
::1 - - [11/Jun/2026 17:52:06] code 404, message File not found
::1 - - [11/Jun/2026 17:52:06] "GET /favicon.ico HTTP/1.1" 404 -
::1 - - [11/Jun/2026 17:52:06] "GET /images/notary-platform.png HTTP/1.1" 200 -
::1 - - [11/Jun/2026 17:52:06] "GET /images/liquidity-intelligence.png HTTP/1.1" 200 -
::1 - - [11/Jun/2026 17:52:06] "GET /images/watfix.png HTTP/1.1" 200 -
::1 - - [11/Jun/2026 17:52:06] code 404, message File not found
::1 - - [11/Jun/2026 17:52:06] "GET /favicon.ico HTTP/1.1" 404 -
::1 - - [11/Jun/2026 17:52:06] code 404, message File not found
::1 - - [11/Jun/2026 17:52:06] "GET /favicon-16x16.png HTTP/1.1" 404 -
::1 - - [11/Jun/2026 17:52:06] code 404, message File not found
::1 - - [11/Jun/2026 17:52:06] code 404, message File not found
::1 - - [11/Jun/2026 17:52:06] "GET /favicon-32x32.png HTTP/1.1" 404 -
::1 - - [11/Jun/2026 17:52:06] "GET /apple-touch-icon.png HTTP/1.1" 404 -
::1 - - [11/Jun/2026 17:52:13] "GET / HTTP/1.1" 200 -
::1 - - [11/Jun/2026 17:52:13] "GET /site.webmanifest HTTP/1.1" 200 -
::1 - - [11/Jun/2026 17:52:13] "GET /js/scripts.js HTTP/1.1" 200 -
::1 - - [11/Jun/2026 17:52:13] "GET /js/carousel.js HTTP/1.1" 200 -
::1 - - [11/Jun/2026 17:52:13] "GET /js/typing.js HTTP/1.1" 200 -
::1 - - [11/Jun/2026 17:52:14] "GET /js/timeline-animations.js HTTP/1.1" 200 -
::1 - - [11/Jun/2026 17:52:14] "GET /css/styles.css?v=1.4 HTTP/1.1" 200 -
::1 - - [11/Jun/2026 17:52:15] "GET /images/gummes-website-1.png HTTP/1.1" 200 -
::1 - - [11/Jun/2026 17:52:15] "GET /images/consultancy-project.png HTTP/1.1" 200 -
::1 - - [11/Jun/2026 17:52:15] "GET /images/3d-jewelry-store.png HTTP/1.1" 200 -
::1 - - [11/Jun/2026 17:52:15] "GET /images/industrial-factory.png HTTP/1.1" 200 -
::1 - - [11/Jun/2026 17:52:15] "GET /images/toilet-finder.png HTTP/1.1" 200 -
::1 - - [11/Jun/2026 17:52:15] "GET /images/curiouscrm.png HTTP/1.1" 200 -
::1 - - [11/Jun/2026 17:52:15] "GET /images/browser-buddy.jpg HTTP/1.1" 200 -
::1 - - [11/Jun/2026 17:52:15] "GET /images/group-buying-real-estate.png HTTP/1.1" 200 -
::1 - - [11/Jun/2026 17:54:14] code 404, message File not found
::1 - - [11/Jun/2026 17:54:14] code 404, message File not found
::1 - - [11/Jun/2026 17:54:14] "GET /apple-touch-icon.png HTTP/1.1" 404 -
::1 - - [11/Jun/2026 17:54:14] code 404, message File not found
::1 - - [11/Jun/2026 17:54:14] "GET /favicon.ico HTTP/1.1" 404 -
::1 - - [11/Jun/2026 17:54:14] "GET /apple-touch-icon-precomposed.png HTTP/1.1" 404 -
::1 - - [11/Jun/2026 17:54:14] "GET /images/liquidity-intelligence.png HTTP/1.1" 200 -
::1 - - [11/Jun/2026 17:54:14] code 404, message File not found
::1 - - [11/Jun/2026 17:54:14] "GET /favicon-16x16.png HTTP/1.1" 404 -
::1 - - [11/Jun/2026 17:54:14] "GET /images/notary-platform.png HTTP/1.1" 200 -
::1 - - [11/Jun/2026 17:54:14] code 404, message File not found
::1 - - [11/Jun/2026 17:54:14] code 404, message File not found
::1 - - [11/Jun/2026 17:54:14] "GET /favicon.ico HTTP/1.1" 404 -
::1 - - [11/Jun/2026 17:54:14] "GET /favicon-32x32.png HTTP/1.1" 404 -
::1 - - [11/Jun/2026 17:54:14] "GET /images/watfix.png HTTP/1.1" 200 -
::1 - - [11/Jun/2026 17:54:14] code 404, message File not found
::1 - - [11/Jun/2026 17:54:14] "GET /apple-touch-icon.png HTTP/1.1" 404 -
::1 - - [11/Jun/2026 17:54:18] "GET / HTTP/1.1" 200 -
::1 - - [11/Jun/2026 17:54:18] "GET /css/styles.css?v=1.4 HTTP/1.1" 200 -
::1 - - [11/Jun/2026 17:54:18] "GET /site.webmanifest HTTP/1.1" 200 -
::1 - - [11/Jun/2026 17:54:18] "GET /js/scripts.js HTTP/1.1" 200 -
::1 - - [11/Jun/2026 17:54:18] "GET /js/carousel.js HTTP/1.1" 200 -
::1 - - [11/Jun/2026 17:54:18] "GET /js/typing.js HTTP/1.1" 200 -
::1 - - [11/Jun/2026 17:54:18] "GET /js/timeline-animations.js HTTP/1.1" 200 -
::1 - - [11/Jun/2026 17:54:20] "GET /images/gummes-website-1.png HTTP/1.1" 200 -
::1 - - [11/Jun/2026 17:54:20] "GET /images/consultancy-project.png HTTP/1.1" 200 -
::1 - - [11/Jun/2026 17:54:20] "GET /images/3d-jewelry-store.png HTTP/1.1" 200 -
::1 - - [11/Jun/2026 17:54:20] "GET /images/curiouscrm.png HTTP/1.1" 200 -
::1 - - [11/Jun/2026 17:54:20] "GET /images/industrial-factory.png HTTP/1.1" 200 -
::1 - - [11/Jun/2026 17:54:20] "GET /images/toilet-finder.png HTTP/1.1" 200 -
::1 - - [11/Jun/2026 17:54:20] "GET /images/browser-buddy.jpg HTTP/1.1" 200 -
::1 - - [11/Jun/2026 17:54:20] "GET /images/group-buying-real-estate.png HTTP/1.1" 200 -
::1 - - [11/Jun/2026 17:54:21] "GET /images/liquidity-intelligence.png HTTP/1.1" 200 -
::1 - - [11/Jun/2026 17:54:21] "GET /images/notary-platform.png HTTP/1.1" 200 -
::1 - - [11/Jun/2026 17:54:21] "GET /images/watfix.png HTTP/1.1" 200 -
::1 - - [11/Jun/2026 17:54:36] code 404, message File not found
::1 - - [11/Jun/2026 17:54:36] code 404, message File not found
::1 - - [11/Jun/2026 17:54:36] "GET /apple-touch-icon-precomposed.png HTTP/1.1" 404 -
::1 - - [11/Jun/2026 17:54:36] "GET /apple-touch-icon.png HTTP/1.1" 404 -
::1 - - [11/Jun/2026 17:54:36] code 404, message File not found
::1 - - [11/Jun/2026 17:54:36] "GET /favicon.ico HTTP/1.1" 404 -
::1 - - [11/Jun/2026 17:54:36] "GET /images/liquidity-intelligence.png HTTP/1.1" 200 -
::1 - - [11/Jun/2026 17:54:36] "GET /images/notary-platform.png HTTP/1.1" 200 -
::1 - - [11/Jun/2026 17:54:36] "GET /images/watfix.png HTTP/1.1" 200 -
::1 - - [11/Jun/2026 17:54:36] code 404, message File not found
::1 - - [11/Jun/2026 17:54:36] "GET /favicon.ico HTTP/1.1" 404 -
::1 - - [11/Jun/2026 17:54:36] code 404, message File not found
::1 - - [11/Jun/2026 17:54:36] "GET /favicon-16x16.png HTTP/1.1" 404 -
::1 - - [11/Jun/2026 17:54:36] code 404, message File not found
::1 - - [11/Jun/2026 17:54:36] "GET /favicon-32x32.png HTTP/1.1" 404 -
::1 - - [11/Jun/2026 17:54:36] code 404, message File not found
::1 - - [11/Jun/2026 17:54:36] "GET /apple-touch-icon.png HTTP/1.1" 404 -
::1 - - [11/Jun/2026 17:55:27] "GET / HTTP/1.1" 200 -
::1 - - [11/Jun/2026 17:55:27] "GET /site.webmanifest HTTP/1.1" 200 -
::1 - - [11/Jun/2026 17:55:27] "GET /css/styles.css?v=1.4 HTTP/1.1" 200 -
::1 - - [11/Jun/2026 17:55:27] "GET /js/carousel.js HTTP/1.1" 200 -
::1 - - [11/Jun/2026 17:55:27] "GET /js/scripts.js HTTP/1.1" 200 -
::1 - - [11/Jun/2026 17:55:27] "GET /js/timeline-animations.js HTTP/1.1" 200 -
::1 - - [11/Jun/2026 17:55:27] "GET /js/typing.js HTTP/1.1" 200 -
::1 - - [11/Jun/2026 17:55:33] "GET /images/gummes-website-1.png HTTP/1.1" 200 -
::1 - - [11/Jun/2026 17:55:33] "GET /images/3d-jewelry-store.png HTTP/1.1" 200 -
::1 - - [11/Jun/2026 17:55:33] "GET /images/consultancy-project.png HTTP/1.1" 200 -
::1 - - [11/Jun/2026 17:55:33] "GET /images/industrial-factory.png HTTP/1.1" 200 -
::1 - - [11/Jun/2026 17:55:33] "GET /images/curiouscrm.png HTTP/1.1" 200 -
::1 - - [11/Jun/2026 17:55:33] "GET /images/toilet-finder.png HTTP/1.1" 200 -
::1 - - [11/Jun/2026 17:55:33] "GET /images/browser-buddy.jpg HTTP/1.1" 200 -
::1 - - [11/Jun/2026 17:55:33] "GET /images/group-buying-real-estate.png HTTP/1.1" 200 -
::1 - - [11/Jun/2026 17:56:01] "GET /images/liquidity-intelligence.png HTTP/1.1" 200 -
::1 - - [11/Jun/2026 17:56:01] "GET /images/notary-platform.png HTTP/1.1" 200 -
::1 - - [11/Jun/2026 17:56:01] "GET /images/watfix.png HTTP/1.1" 200 -
::1 - - [11/Jun/2026 17:56:07] "GET /images/toilet-finder.jpg HTTP/1.1" 200 -
::1 - - [11/Jun/2026 17:56:16] "GET /images/bigpockets.png HTTP/1.1" 200 -
::1 - - [11/Jun/2026 17:57:52] code 404, message File not found
::1 - - [11/Jun/2026 17:57:52] code 404, message File not found
::1 - - [11/Jun/2026 17:57:52] code 404, message File not found
::1 - - [11/Jun/2026 17:57:52] "GET /favicon.ico HTTP/1.1" 404 -
::1 - - [11/Jun/2026 17:57:52] "GET /apple-touch-icon-precomposed.png HTTP/1.1" 404 -
::1 - - [11/Jun/2026 17:57:52] "GET /apple-touch-icon.png HTTP/1.1" 404 -
::1 - - [11/Jun/2026 17:57:52] "GET /images/liquidity-intelligence.png HTTP/1.1" 200 -
::1 - - [11/Jun/2026 17:57:52] "GET /images/notary-platform.png HTTP/1.1" 200 -
::1 - - [11/Jun/2026 17:57:52] code 404, message File not found
::1 - - [11/Jun/2026 17:57:52] "GET /favicon.ico HTTP/1.1" 404 -
::1 - - [11/Jun/2026 17:57:52] "GET /images/watfix.png HTTP/1.1" 200 -
::1 - - [11/Jun/2026 17:57:52] code 404, message File not found
::1 - - [11/Jun/2026 17:57:52] code 404, message File not found
::1 - - [11/Jun/2026 17:57:52] "GET /favicon-32x32.png HTTP/1.1" 404 -
::1 - - [11/Jun/2026 17:57:52] "GET /favicon-16x16.png HTTP/1.1" 404 -
::1 - - [11/Jun/2026 17:57:52] code 404, message File not found
::1 - - [11/Jun/2026 17:57:52] "GET /apple-touch-icon.png HTTP/1.1" 404 -
::1 - - [11/Jun/2026 17:57:55] "GET / HTTP/1.1" 200 -
::1 - - [11/Jun/2026 17:57:55] "GET /site.webmanifest HTTP/1.1" 200 -
::1 - - [11/Jun/2026 17:57:55] "GET /js/carousel.js HTTP/1.1" 200 -
::1 - - [11/Jun/2026 17:57:55] "GET /js/scripts.js HTTP/1.1" 200 -
::1 - - [11/Jun/2026 17:57:55] "GET /js/typing.js HTTP/1.1" 200 -
::1 - - [11/Jun/2026 17:57:55] "GET /js/timeline-animations.js HTTP/1.1" 200 -
::1 - - [11/Jun/2026 17:57:55] "GET /css/styles.css?v=1.4 HTTP/1.1" 200 -
::1 - - [11/Jun/2026 17:57:57] "GET /images/gummes-website-1.png HTTP/1.1" 200 -
::1 - - [11/Jun/2026 17:57:57] "GET /images/consultancy-project.png HTTP/1.1" 200 -
::1 - - [11/Jun/2026 17:57:57] "GET /images/3d-jewelry-store.png HTTP/1.1" 200 -
::1 - - [11/Jun/2026 17:57:57] "GET /images/industrial-factory.png HTTP/1.1" 200 -
::1 - - [11/Jun/2026 17:57:57] "GET /images/curiouscrm.png HTTP/1.1" 200 -
::1 - - [11/Jun/2026 17:57:57] "GET /images/toilet-finder.png HTTP/1.1" 200 -
::1 - - [11/Jun/2026 17:57:57] "GET /images/group-buying-real-estate.png HTTP/1.1" 200 -
::1 - - [11/Jun/2026 17:57:57] "GET /images/browser-buddy.jpg HTTP/1.1" 200 -
::1 - - [11/Jun/2026 17:58:24] "GET /images/notary-platform.png HTTP/1.1" 200 -
::1 - - [11/Jun/2026 17:58:24] "GET /images/liquidity-intelligence.png HTTP/1.1" 200 -
::1 - - [11/Jun/2026 17:58:24] "GET /images/watfix.png HTTP/1.1" 200 -
::1 - - [11/Jun/2026 17:58:25] "GET /images/toilet-finder.jpg HTTP/1.1" 200 -
::1 - - [11/Jun/2026 17:58:25] "GET /images/bigpockets.png HTTP/1.1" 200 -
::1 - - [11/Jun/2026 17:59:51] "GET / HTTP/1.1" 200 -
::1 - - [11/Jun/2026 17:59:52] "GET /site.webmanifest HTTP/1.1" 200 -
::1 - - [11/Jun/2026 17:59:54] "GET /images/liquidity-intelligence.png HTTP/1.1" 200 -
::1 - - [11/Jun/2026 17:59:54] "GET /images/notary-platform.png HTTP/1.1" 200 -
::1 - - [11/Jun/2026 17:59:54] "GET /images/watfix.png HTTP/1.1" 200 -
::1 - - [11/Jun/2026 17:59:54] "GET /images/toilet-finder.jpg HTTP/1.1" 200 -
::1 - - [11/Jun/2026 17:59:54] "GET /images/curiouscrm.png HTTP/1.1" 200 -
::1 - - [13/Jun/2026 06:52:27] code 404, message File not found
::1 - - [13/Jun/2026 06:52:27] code 404, message File not found
::1 - - [13/Jun/2026 06:52:27] "GET /apple-touch-icon.png HTTP/1.1" 404 -
::1 - - [13/Jun/2026 06:52:27] "GET /apple-touch-icon-precomposed.png HTTP/1.1" 404 -
::1 - - [13/Jun/2026 06:52:27] code 404, message File not found
::1 - - [13/Jun/2026 06:52:27] "GET /favicon.ico HTTP/1.1" 404 -
::1 - - [13/Jun/2026 06:52:30] "GET / HTTP/1.1" 200 -
::1 - - [13/Jun/2026 06:52:30] "GET /site.webmanifest HTTP/1.1" 200 -
::1 - - [13/Jun/2026 06:52:30] "GET /js/carousel.js HTTP/1.1" 200 -
::1 - - [13/Jun/2026 06:52:30] "GET /css/styles.css?v=1.5 HTTP/1.1" 200 -
::1 - - [13/Jun/2026 06:52:30] "GET /js/scripts.js HTTP/1.1" 200 -
::1 - - [13/Jun/2026 06:52:30] "GET /js/typing.js HTTP/1.1" 200 -
::1 - - [13/Jun/2026 06:52:30] "GET /js/timeline-animations.js HTTP/1.1" 200 -
::1 - - [13/Jun/2026 06:52:32] code 404, message File not found
::1 - - [13/Jun/2026 06:52:32] "GET /apple-touch-icon-precomposed.png HTTP/1.1" 404 -
::1 - - [13/Jun/2026 06:52:32] code 404, message File not found
::1 - - [13/Jun/2026 06:52:32] "GET /apple-touch-icon.png HTTP/1.1" 404 -
::1 - - [13/Jun/2026 06:52:32] code 404, message File not found
::1 - - [13/Jun/2026 06:52:32] "GET /favicon.ico HTTP/1.1" 404 -
::1 - - [13/Jun/2026 06:52:32] "GET /images/liquidity-intelligence.png HTTP/1.1" 200 -
::1 - - [13/Jun/2026 06:52:32] "GET /images/notary-platform.png HTTP/1.1" 200 -
::1 - - [13/Jun/2026 06:52:32] "GET /images/watfix.png HTTP/1.1" 200 -
::1 - - [13/Jun/2026 06:52:32] code 404, message File not found
::1 - - [13/Jun/2026 06:52:32] "GET /favicon.ico HTTP/1.1" 404 -
::1 - - [13/Jun/2026 06:52:32] code 404, message File not found
::1 - - [13/Jun/2026 06:52:32] "GET /favicon-16x16.png HTTP/1.1" 404 -
::1 - - [13/Jun/2026 06:52:32] code 404, message File not found
::1 - - [13/Jun/2026 06:52:32] "GET /favicon-32x32.png HTTP/1.1" 404 -
::1 - - [13/Jun/2026 06:52:32] code 404, message File not found
::1 - - [13/Jun/2026 06:52:32] "GET /apple-touch-icon.png HTTP/1.1" 404 -
::1 - - [13/Jun/2026 06:52:39] "GET /images/notary-platform.png HTTP/1.1" 200 -
::1 - - [13/Jun/2026 06:52:39] "GET /images/arpanholidays.png HTTP/1.1" 200 -
::1 - - [13/Jun/2026 06:52:39] "GET /images/3d-jewelry-store.png HTTP/1.1" 200 -
::1 - - [13/Jun/2026 06:52:39] "GET /images/curiouscrm.png HTTP/1.1" 200 -
::1 - - [13/Jun/2026 06:52:39] "GET /images/industrial-factory.png HTTP/1.1" 200 -
::1 - - [13/Jun/2026 06:52:39] "GET /images/toilet-finder.png HTTP/1.1" 200 -
::1 - - [13/Jun/2026 06:52:39] "GET /images/browser-buddy.jpg HTTP/1.1" 200 -
::1 - - [13/Jun/2026 06:52:39] "GET /images/group-buying-real-estate.png HTTP/1.1" 200 -
::1 - - [13/Jun/2026 06:52:50] "GET /images/liquidity-intelligence.png HTTP/1.1" 200 -
::1 - - [13/Jun/2026 06:52:50] "GET /images/watfix.png HTTP/1.1" 200 -
::1 - - [13/Jun/2026 06:52:51] "GET /images/toilet-finder.jpg HTTP/1.1" 200 -
